src/pages/Login.tsx(32,15): error TS2304: Cannot find name 'register'.
